../instances/n50comp MEA Results:

=== k: 10 ===
0 3718
1 3718
2 3718
3 3718
4 3718
5 3718
6 3718
7 3718
8 3718
9 3718


0 3718
1 3718
2 3718
3 3718
4 3718
5 3718
6 3718
7 3718
8 3718
9 3718


0 3718
1 3718
2 3718
3 3718
4 3718
5 3718
6 3718
7 3718
8 3718
9 3718


0 3718
1 3718
2 3718
3 3718
4 3718
5 3718
6 3718
7 3718
8 3718
9 3718


0 3718
1 3718
2 3718
3 3718
4 3718
5 3718
6 3718
7 3718
8 3718
9 3718


0 3718
1 3718
2 3718
3 3718
4 3718
5 3718
6 3718
7 3718
8 3718
9 3718


0 3718
1 3718
2 3718
3 3718
4 3718
5 3718
6 3718
7 3718
8 3718
9 3718


0 3718
1 3718
2 3718
3 3718
4 3718
5 3718
6 3718
7 3718
8 3718
9 3718


0 3718
1 3718
2 3718
3 3718
4 3718
5 3718
6 3718
7 3718
8 3718
9 3718


0 3718
1 3718
2 3718
3 3718
4 3718
5 3718
6 3718
7 3718
8 3718
9 3718


0 3718
1 3718
2 3718
3 3718
4 3718
5 3718
6 3718
7 3718
8 3718
9 3718


0 3718
1 3718
2 3718
3 3718
4 3718
5 3718
6 3718
7 3718
8 3718
9 3718


0 3718
1 3718
2 3718
3 3718
4 3718
5 3718
6 3718
7 3718
8 3718
9 3718


0 3718
1 3718
2 3718
3 3718
4 3718
5 3718
6 3718
7 3718
8 3718
9 3718


0 3718
1 3718
2 3718
3 3718
4 3718
5 3718
6 3718
7 3718
8 3718
9 3718


0 3718
1 3718
2 3718
3 3718
4 3718
5 3718
6 3718
7 3718
8 3718
9 3718


0 3718
1 3718
2 3718
3 3718
4 3718
5 3718
6 3718
7 3718
8 3718
9 3718


0 3718
1 3718
2 3718
3 3718
4 3718
5 3718
6 3718
7 3718
8 3718
9 3718


0 3718
1 3718
2 3718
3 3718
4 3718
5 3718
6 3718
7 3718
8 3718
9 3718


0 3718
1 3718
2 3718
3 3718
4 3718
5 3718
6 3718
7 3718
8 3718
9 3718


0 3718
1 3718
2 3718
3 3718
4 3718
5 3718
6 3718
7 3718
8 3718
9 3718


0 3718
1 3718
2 3718
3 3718
4 3718
5 3718
6 3718
7 3718
8 3718
9 3718


0 3718
1 3718
2 3718
3 3718
4 3718
5 3718
6 3718
7 3718
8 3718
9 3718


0 3718
1 3718
2 3718
3 3718
4 3718
5 3718
6 3718
7 3718
8 3718
9 3718


0 3718
1 3718
2 3718
3 3718
4 3718
5 3718
6 3718
7 3718
8 3718
9 3718


0 3718
1 3718
2 3718
3 3718
4 3718
5 3718
6 3718
7 3718
8 3718
9 3718


0 3718
1 3718
2 3718
3 3718
4 3718
5 3718
6 3718
7 3718
8 3718
9 3718


0 3718
1 3718
2 3718
3 3718
4 3718
5 3718
6 3718
7 3718
8 3718
9 3718


0 3718
1 3718
2 3718
3 3718
4 3718
5 3718
6 3718
7 3718
8 3718
9 3718


0 3718
1 3718
2 3718
3 3718
4 3718
5 3718
6 3718
7 3718
8 3718
9 3718


