../instances/n50comp MEA Results:

=== Mutation rate: 0.1 ===
0
0 -17540
1 -28577
2 -22566
3 -26570
4 -14519
5 -18548
6 -20563
7 -21561
8 -16524
9 -18533

 1
0 -17540
1 -28577
2 -22566
3 -26570
4 -14519
5 -18548
6 -20563
7 -21561
8 -16524
9 -18533

 10
0 -17540
1 -28577
2 -22552
3 -26570
4 -14519
5 -18548
6 -20563
7 -19546
8 -16524
9 -18533

 100
0 -13512
1 -12508
2 -10494
3 -8495
4 -8494
5 -8490
6 -12502
7 -9485
8 -14523
9 -9492

 1000
0 2611
1 2611
2 2611
3 2302
4 2302
5 2302
6 2302
7 2408
8 2408
9 2408

 10000
0 3365
1 3485
2 3365
3 3365
4 3317
5 3317
6 3317
7 3416
8 3472
9 3472

 100000
0 3703
1 3703
2 3718
3 3718
4 3718
5 3718
6 3718
7 3718
8 3718
9 3718

1000000
0 3718
1 3718
2 3718
3 3718
4 3718
5 3718
6 3718
7 3718
8 3718
9 3718


0
0 -22553
1 -26570
2 -22584
3 -22564
4 -17556
5 -20562
6 -15556
7 -24576
8 -27581
9 -18548

 1
0 -22553
1 -26570
2 -22584
3 -22564
4 -17556
5 -20562
6 -15556
7 -24576
8 -27581
9 -18548

 10
0 -15540
1 -26570
2 -22584
3 -22564
4 -16545
5 -20562
6 -15556
7 -24576
8 -25566
9 -18548

 100
0 -10533
1 -8513
2 -10517
3 -13521
4 -11527
5 -8508
6 -9520
7 -12525
8 -10523
9 -10515

 1000
0 3277
1 3202
2 3154
3 3154
4 3202
5 3154
6 3277
7 3154
8 3098
9 3098

 10000
0 3411
1 3411
2 3411
3 3411
4 3411
5 3411
6 3411
7 3355
8 3299
9 3299

 100000
0 3703
1 3703
2 3718
3 3718
4 3718
5 3718
6 3718
7 3718
8 3714
9 3714

1000000
0 3718
1 3718
2 3718
3 3718
4 3718
5 3718
6 3718
7 3718
8 3718
9 3718


0
0 -23570
1 -19562
2 -15525
3 -24559
4 -20547
5 -16532
6 -13503
7 -27601
8 -21567
9 -19556

 1
0 -20561
1 -19562
2 -15525
3 -24559
4 -20547
5 -16532
6 -13503
7 -27601
8 -21567
9 -19556

 10
0 -16537
1 -14522
2 -14525
3 -24559
4 -20547
5 -16532
6 -13503
7 -27601
8 -21567
9 -19553

 100
0 -10497
1 -9494
2 -8482
3 -10504
4 -9499
5 -12504
6 -8481
7 -9500
8 -12515
9 -9500

 1000
0 2278
1 2278
2 2278
3 2278
4 2278
5 2278
6 2158
7 2052
8 2052
9 2052

 10000
0 3281
1 3281
2 3281
3 3281
4 3281
5 3281
6 3281
7 3175
8 3175
9 3175

 100000
0 3703
1 3703
2 3718
3 3718
4 3718
5 3718
6 3718
7 3718
8 3714
9 3714

1000000
0 3718
1 3718
2 3718
3 3718
4 3718
5 3718
6 3718
7 3718
8 3718
9 3718


0
0 -20562
1 -25578
2 -21532
3 -13527
4 -16526
5 -20543
6 -20552
7 -24572
8 -19545
9 -24582

 1
0 -20562
1 -25578
2 -21532
3 -13527
4 -15534
5 -20543
6 -20552
7 -24572
8 -19545
9 -24582

 10
0 -15537
1 -25578
2 -19521
3 -13527
4 -15534
5 -20543
6 -20552
7 -24572
8 -19545
9 -23564

 100
0 -8505
1 -10528
2 -12523
3 -13527
4 -10530
5 -10524
6 -13531
7 -11525
8 -11523
9 -12528

 1000
0 1697
1 1697
2 1697
3 2006
4 2006
5 2006
6 2006
7 1900
8 1900
9 1822

 10000
0 3651
1 3651
2 3579
3 3579
4 3579
5 3579
6 3579
7 3473
8 3529
9 3529

 100000
0 3692
1 3692
2 3692
3 3692
4 3692
5 3714
6 3714
7 3714
8 3714
9 3714

1000000
0 3718
1 3718
2 3718
3 3718
4 3718
5 3718
6 3718
7 3718
8 3718
9 3718


0
0 -13514
1 -24579
2 -16535
3 -18541
4 -22579
5 -22565
6 -19554
7 -30595
8 -25591
9 -21558

 1
0 -13514
1 -24579
2 -16535
3 -18541
4 -22579
5 -22565
6 -19554
7 -30595
8 -25591
9 -21558

 10
0 -12511
1 -24579
2 -16535
3 -18541
4 -22579
5 -22565
6 -14518
7 -30595
8 -25591
9 -16528

 100
0 -11515
1 -9498
2 -7493
3 -11511
4 -10509
5 -15525
6 -10499
7 -13521
8 -16548
9 -12515

 1000
0 1780
1 2259
2 2259
3 1780
4 1780
5 2498
6 1780
7 1780
8 1780
9 2019

 10000
0 3416
1 3416
2 3416
3 3416
4 3416
5 3416
6 3416
7 3310
8 3366
9 3366

 100000
0 3718
1 3718
2 3718
3 3718
4 3718
5 3703
6 3703
7 3703
8 3703
9 3703

1000000
0 3718
1 3718
2 3718
3 3718
4 3718
5 3718
6 3718
7 3718
8 3718
9 3718



=== Mutation rate: 0.5 ===
0
0 -20548
1 -13519
2 -20565
3 -17542
4 -18543
5 -23581
6 -22561
7 -18538
8 -23581
9 -16552

 1
0 -20548
1 -13519
2 -20565
3 -17542
4 -18543
5 -23581
6 -22561
7 -18538
8 -23581
9 -16552

 10
0 -19541
1 -13519
2 -15531
3 -17542
4 -18543
5 -23575
6 -20550
7 -18538
8 -20551
9 -15546

 100
0 -12502
1 -11517
2 -13528
3 -13531
4 -10504
5 -10495
6 -9485
7 -16526
8 -9497
9 -15546

 1000
0 3141
1 3388
2 3388
3 3141
4 3039
5 3388
6 3388
7 3282
8 3290
9 3290

 10000
0 3696
1 3696
2 3718
3 3718
4 3718
5 3714
6 3718
7 3718
8 3714
9 3714

 100000
0 3703
1 3703
2 3718
3 3718
4 3718
5 3718
6 3718
7 3718
8 3718
9 3718
