../instances/n106 MEA Results:

=== k: 10 ===
0 16929
1 17089
2 17089
3 17089
4 16632
5 16825
6 16825
7 17267
8 17615
9 17615


0 17028
1 17188
2 17059
3 17169
4 16863
5 17254
6 17254
7 17696
8 18044
9 18044


0 16929
1 17089
2 17089
3 17286
4 16829
5 17019
6 17019
7 17461
8 17809
9 17809


0 16074
1 16234
2 16234
3 16234
4 16234
5 16618
6 16618
7 17060
8 17408
9 17408


0 16712
1 16872
2 16764
3 17007
4 17007
5 17007
6 17007
7 17449
8 17797
9 17797


0 17028
1 17188
2 17093
3 17093
4 16907
5 17254
6 17254
7 17696
8 18044
9 18044


0 16929
1 17089
2 17089
3 17089
4 16898
5 17016
6 17016
7 17421
8 17769
9 17769


0 16929
1 17089
2 17089
3 17286
4 16977
5 17127
6 17127
7 17461
8 17809
9 17809


0 16929
1 17089
2 17089
3 17102
4 17007
5 17007
6 17007
7 17449
8 17797
9 17797


0 16376
1 16536
2 16536
3 16536
4 16536
5 16536
6 16536
7 16978
8 17326
9 17326


0 17025
1 17185
2 17093
3 17125
4 16907
5 17254
6 17254
7 17696
8 18044
9 18044


0 16841
1 17001
2 16909
3 17125
4 16696
5 17070
6 17070
7 17512
8 17860
9 17860


0 16681
1 16841
2 16841
3 17141
4 16684
5 17022
6 17022
7 17464
8 17812
9 17812


0 16642
1 16802
2 16802
3 17102
4 16856
5 17070
6 17070
7 17512
8 17860
9 17860


0 16805
1 16965
2 16965
3 16965
4 16877
5 17070
6 17070
7 17512
8 17860
9 17860


0 16807
1 16967
2 16875
3 16875
4 16686
5 16770
6 16770
7 17212
8 17560
9 17560


0 16740
1 16900
2 16900
3 17102
4 16645
5 16825
6 16825
7 17267
8 17615
9 17615


0 16841
1 17001
2 16909
3 16909
4 16686
5 17070
6 17070
7 17512
8 17860
9 17860


0 16525
1 16685
2 16685
3 16685
4 16685
5 16685
6 16685
7 17127
8 17475
9 17475


0 16929
1 17089
2 17089
3 17286
4 16971
5 17121
6 17121
7 17455
8 17803
9 17803


0 17067
1 17227
2 17073
3 17125
4 16877
5 17070
6 17070
7 17512
8 17860
9 17860


0 16361
1 16521
2 16521
3 16521
4 16404
5 16404
6 16404
7 16846
8 17194
9 17194


0 16637
1 16797
2 16797
3 17050
4 16955
5 16997
6 16997
7 17439
8 17787
9 17787


0 16759
1 16919
2 16919
3 17134
4 17007
5 17007
6 17007
7 17449
8 17797
9 17797


0 16754
1 16914
2 16914
3 16914
4 16725
5 16868
6 16868
7 17310
8 17658
9 17658


0 16740
1 16900
2 16900
3 16900
4 16793
5 16897
6 16897
7 17339
8 17687
9 17687


0 16807
1 16967
2 16875
3 17102
4 16686
5 17070
6 17070
7 17512
8 17860
9 17860


0 16734
1 16894
2 16894
3 16894
4 16681
5 16681
6 16681
7 17123
8 17471
9 17471


0 16749
1 16909
2 16764
3 17007
4 17007
5 17007
6 17007
7 17449
8 17797
9 17797


0 16760
1 16920
2 16920
3 17072
4 16832
5 17019
6 17019
7 17461
8 17809
9 17809


0 16556
1 16716
2 16716
3 16716
4 16503
5 16911
6 16911
7 17353
8 17701
9 17701


0 16748
1 16908
2 16908
3 17230
4 17007
5 17007
6 17007
7 17449
8 17797
9 17797


0 16841
1 17001
2 16909
3 17102
4 16877
5 17070
6 17070
7 17512
8 17860
9 17860


0 16929
1 17089
2 17089
3 17089
4 16635
5 16635
6 16635
7 17077
8 17425
9 17425


0 16929
1 17089
2 17089
3 17089
4 16885
5 17016
6 17016
7 17439
8 17787
9 17787


0 16637
1 16797
2 16797
3 17050
4 16593
5 17086
6 17086
7 17339
8 17687
9 17687


0 16712
1 16872
2 16780
3 16780
4 16780
5 16780
6 16780
7 17222
8 17570
9 17570


0 16807
1 16967
2 16875
3 16875
4 16686
5 17070
6 17070
7 17512
8 17860
9 17860


0 17067
1 17227
2 16965
3 17102
4 16877
5 17070
6 17070
7 17512
8 17860
9 17860


0 16846
1 17006
2 16914
3 16914
4 16725
5 16856
6 16856
7 17298
8 17646
9 17646


0 16929
1 17089
2 17089
3 17089
4 16885
5 17057
6 17057
7 17353
8 17701
9 17701


0 16929
1 17089
2 17089
3 17089
4 17007
5 17007
6 17007
7 17449
8 17797
9 17797


0 16555
1 16715
2 16715
3 16715
4 16526
5 16910
6 16910
7 17352
8 17700
9 17700


0 16740
1 16900
2 16900
3 16900
4 16443
5 16868
6 16868
7 17310
8 17658
9 17658


0 16841
1 17001
2 16908
3 17230
4 17007
5 17007
6 17007
7 17449
8 17797
9 17797


0 16735
1 16895
2 16803
3 16803
4 16494
5 16631
6 16631
7 17073
8 17421
9 17421


0 17067
1 17227
2 17073
3 17073
4 16877
5 17070
6 17070
7 17512
8 17860
9 17860


0 17028
1 17188
2 17059
3 17059
4 16907
5 17254
6 17254
7 17696
8 18044
9 18044


0 16678
1 16838
2 16803
3 16803
4 16494
5 16868
6 16868
7 17310
8 17658
9 17658


0 16604
1 16764
2 16764
3 17102
4 17007
5 17007
6 17007
7 17449
8 17797
9 17797


0 16929
1 17089
2 17089
3 17141
4 16876
5 17057
6 17057
7 17439
8 17787
9 17787


0 16748
1 16908
2 16908
3 17230
4 17007
5 17007
6 17007
7 17449
8 17797
9 17797


0 17028
1 17188
2 17089
3 17286
4 17007
5 17007
6 17007
7 17449
8 17797
9 17797


0 16929
1 17089
2 17089
3 17089
4 17007
5 17086
6 17086
7 17449
8 17797
9 17797


0 16540
1 16700
2 16700
3 16700
4 16405
5 16618
6 16618
7 17060
8 17408
9 17408


0 16642
1 16802
2 16802
3 17102
4 16686
5 17070
6 17070
7 17512
8 17860
9 17860


0 16929
1 17089
2 17089
3 17089
4 17007
5 17086
6 17086
7 17449
8 17797
9 17797


0 16644
1 16804
2 16804
3 17007
4 17007
5 17007
6 17007
7 17449
8 17797
9 17797


0 16929
1 17089
2 17089
3 17089
4 16907
5 17057
6 17057
7 17462
8 17810
9 17810


0 17067
1 17227
2 17073
3 17286
4 16877
5 17254
6 17254
7 17696
8 18044
9 18044


0 16715
1 16875
2 16875
3 16875
4 16686
5 17070
6 17070
7 17512
8 17860
9 17860


0 16929
1 17089
2 17089
3 17089
4 16885
5 17016
6 17016
7 17439
8 17787
9 17787


0 16929
1 17089
2 17089
3 17141
4 16885
5 17016
6 17016
7 17439
8 17787
9 17787


0 16526
1 16686
2 16686
3 16686
4 16686
5 17070
6 17070
7 17512
8 17860
9 17860


0 16748
1 16908
2 16908
3 17230
4 17007
5 17007
6 17007
7 17449
8 17797
9 17797


0 16929
1 17089
2 17089
3 17089
4 16885
5 17057
6 17057
7 17439
8 17787
9 17787


0 16526
1 16686
2 16686
3 16686
4 16686
5 17070
6 17070
7 17512
8 17860
9 17860


0 17067
1 17227
2 17073
3 17073
4 16877
5 17070
6 17070
7 17512
8 17860
9 17860


0 17067
1 17227
2 17073
3 17073
4 16877
5 17254
6 17254
7 17696
8 18044
9 18044


0 16642
1 16802
2 16802
3 17045
4 16856
5 17013
6 17013
7 17455
8 17803
9 17803


0 16929
1 17089
2 17089
3 17141
4 16876
5 17016
6 17016
7 17439
8 17787
9 17787


0 17028
1 17188
2 17059
3 17059
4 16907
5 17254
6 17254
7 17696
8 18044
9 18044


0 16526
1 16686
2 16686
3 16686
4 16833
5 17070
6 17070
7 17512
8 17860
9 17860


0 16749
1 16909
2 16909
3 17102
4 17007
5 17007
6 17007
7 17449
8 17797
9 17797


0 16935
1 17095
2 17003
3 17230
4 17007
5 17007
6 17007
7 17449
8 17797
9 17797


0 16805
1 16965
2 16965
3 17035
4 16782
5 17003
6 17003
7 17445
8 17793
9 17793


0 16929
1 17089
2 17089
3 17286
4 16907
5 17254
6 17254
7 17696
8 18044
9 18044


0 16841
1 17001
2 16909
3 16909
4 16725
5 16868
6 16868
7 17310
8 17658
9 17658


0 16661
1 16821
2 16821
3 17134
4 17007
5 17016
6 17016
7 17449
8 17797
9 17797


0 16929
1 17089
2 17089
3 17089
4 16876
5 17016
6 17016
7 17439
8 17787
9 17787


0 17067
1 17227
2 17089
3 17286
4 17007
5 17204
6 17204
7 17609
8 17957
9 17957


0 16557
1 16717
2 16625
3 16868
4 16411
5 16523
6 16523
7 16965
8 17313
9 17313


0 16748
1 16908
2 16908
3 17230
4 17007
5 17007
6 17007
7 17449
8 17797
9 17797


0 16929
1 17089
2 17089
3 17286
4 16907
5 17254
6 17254
7 17696
8 18044
9 18044


0 16540
1 16700
2 16700
3 16943
4 16486
5 16617
6 16617
7 17059
8 17407
9 17407


0 16604
1 16764
2 16764
3 17007
4 17007
5 17007
6 17007
7 17449
8 17797
9 17797


0 17067
1 17227
2 16965
3 16965
4 16877
5 17070
6 17070
7 17512
8 17860
9 17860


0 16642
1 16802
2 16802
3 16802
4 16517
5 16648
6 16648
7 17090
8 17438
9 17438


0 16661
1 16821
2 16821
3 17134
4 17007
5 17016
6 17016
7 17449
8 17797
9 17797


0 17028
1 17188
2 16907
3 16907
4 16907
5 17254
6 17254
7 17696
8 18044
9 18044


