../instances/n100w1k10 MEA Results:
66236
18760
66949
46304
137726
31645
160508
117950
65757
160556
112407
43752
38498
99875
35068
55948
92544
102250
38899
97004
54485
26475
84110
121131
30323
107965
78047
90592
70602
125405
MEA average evals over 30: 79259.03333333334, for k=2 in ../instances/n100w1k10
MEA stddev evals over 30: 39142.30479714017,  for k=2 in ../instances/n100w1k10
52898
46491
40929
66629
140786
65398
80471
55446
100639
134464
184270
50103
79176
17882
90937
77503
61525
121430
136687
78867
38387
155241
106506
346650
53274
91625
100038
71504
90227
85231
MEA average evals over 30: 94040.46666666666, for k=5 in ../instances/n100w1k10
MEA stddev evals over 30: 59785.35484588921,  for k=5 in ../instances/n100w1k10
115370
266802
441167
402324
965691
866436
449810
178603
199482
158510
195245
338810
153124
297968
337467
117086
309202
212470
365976
1255975
237143
91134
66138
1097541
262404
587316
136923
171429
419413
459323
MEA average evals over 30: 371876.06666666665, for k=10 in ../instances/n100w1k10
MEA stddev evals over 30: 296753.397221771,  for k=10 in ../instances/n100w1k10
../instances/n200w1k10 MEA Results:
231025
296357
234600
881216
469115
155565
526618
468399
500147
158760
791396
169941
306337
428639
971254
405512
243325
263377
518000
364069
185331
258120
167318
200560
204425
126838
146737
416440
334319
198215
MEA average evals over 30: 354065.1666666667, for k=2 in ../instances/n200w1k10
MEA stddev evals over 30: 213800.77796741575,  for k=2 in ../instances/n200w1k10
205760
288975
584746
620544
255375
171270
237679
254035
148759
225752
273256
742151
464007
351065
332003
331685
472896
485816
305244
307470
395182
852259
123189
123287
206262
682453
260327
249493
174572
774580
MEA average evals over 30: 363336.4, for k=5 in ../instances/n200w1k10
MEA stddev evals over 30: 199529.68916656653,  for k=5 in ../instances/n200w1k10
261834
236967
217675
354418
384100
245154
391542
330308
246542
241130
230032
288653
440041
201785
516067
162969
721663
502791
184510
189209
305041
285415
296179
144505
197285
87495
654495
1014144
258114
266014
MEA average evals over 30: 328535.9, for k=10 in ../instances/n200w1k10
MEA stddev evals over 30: 189687.57702537262,  for k=10 in ../instances/n200w1k10
../instances/n500w1k10 MEA Results:
653125
1517111
2544180
4178506
1679027
4019716
1900313
795318
1148054
726452
9101772
4274767
1296138
3352138
1659191
1411979
2973278
833025
1746189
1008928
1821178
1459998
5943857
1259347
3991869
733953
1997640
2012144
2648503
1099133
MEA average evals over 30: 2326227.6333333333, for k=2 in ../instances/n500w1k10
MEA stddev evals over 30: 1796920.3714004597,  for k=2 in ../instances/n500w1k10
3077748
1852955
1288797
9567618
slurmstepd: error: *** JOB 38090 ON localhost CANCELLED AT 2026-02-16T02:47:32 DUE TO TIME LIMIT ***
