../instances/n280 MEA Results:

=== k: 10 ===
0 41735
1 44075
2 44542
3 44855
4 45025
5 45251
6 46913
7 47704
8 48304
9 50079
0 41534
1 43977
2 44472
3 44757
4 45228
5 45158
6 46816
7 47989
8 48303
9 49766
0 41331
1 43877
2 44473
3 44856
4 45326
5 45260
6 46701
7 48300
8 47982
9 49966
0 41525
1 43677
2 44573
3 44955
4 45329
5 45460
6 46515
7 48104
8 48284
9 49108
0 41536
1 43776
2 44565
3 45057
4 45216
5 44958
6 46616
7 48304
8 48202
9 49936
0 41036
1 43772
2 44572
3 44848
4 45022
5 45439
6 47110
7 48001
8 48071
9 49986
0 41335
1 43864
2 44473
3 45155
4 45429
5 45360
6 47015
7 47802
8 48183
9 49967
0 41335
1 43777
2 44567
3 45052
4 45329
5 45458
6 46513
7 48401
8 48301
9 49886
